// Jest Snapshot v1, https://goo.gl/fbAQLP

exports[`VideoGrid renders VideoGrid with hideDivider prop false 1`] = `<div />`;

exports[`VideoGrid renders VideoGrid with title 1`] = `<div />`;

exports[`VideoGrid renders VideoGrid without props 1`] = `<div />`;
