// Jest Snapshot v1, https://goo.gl/fbAQLP

exports[`App renders App 1`] = `
<AppLayout>
  <Switch>
    <Route
      component={[Function]}
      path="/watch"
    />
    <Route
      component={[Function]}
      exact={true}
      path="/"
    />
  </Switch>
</AppLayout>
`;
