// Jest Snapshot v1, https://goo.gl/fbAQLP

exports[`Watch renders Watch view 1`] = `
<div
  className="watch-grid"
>
  <Video
    className="video"
    id="P5ktQh3sWZk"
  />
  <VideoMetadata
    className="metadata"
    viewCount={1000}
  />
  <div
    className="video-info-box"
    style={
      Object {
        "background": "#BD10E0",
        "height": "100px",
        "width": "100%",
      }
    }
  >
    Video Info Box
  </div>
  <div
    className="comments"
    style={
      Object {
        "background": "#9013FE",
        "height": "100px",
        "width": "100%",
      }
    }
  >
    Comments
  </div>
  <RelatedVideos
    className="related-videos"
  />
</div>
`;
