// Jest Snapshot v1, https://goo.gl/fbAQLP

exports[`Watch renders Watch view 1`] = `
<div
  className="watch-grid"
>
  <Video
    className="video"
    id="P5ktQh3sWZk"
  />
  <VideoMetadata
    className="metadata"
    viewCount={1000}
  />
  <VideoInfoBox
    className="video-info-box"
  />
  <Comments
    className="comments"
    numberOfComments={52374}
  />
  <RelatedVideos
    className="related-videos"
  />
</div>
`;
