// Jest Snapshot v1, https://goo.gl/fbAQLP

exports[`VideoPreview renders VideoPreview horizontal 1`] = `<div />`;

exports[`VideoPreview renders VideoPreview vertical / default 1`] = `<div />`;
