// Jest Snapshot v1, https://goo.gl/fbAQLP

exports[`renders SideBarFooter 1`] = `
<Fragment>
  <div
    className="footer-block"
  >
    <div>
       About Press Copyright 
    </div>
    <div>
       Contact Us Creators Advertise 
    </div>
    <div>
       Developers
    </div>
  </div>
  <div
    className="footer-block"
  >
    <div>
       Terms Privacy Policy and Safety
    </div>
  </div>
  <div
    className="footer-block-copyright"
  >
    <div>
      Â© 2019 Gionelle Tribana - A YouTube clone undertaken as personal exercise on React
    </div>
  </div>
</Fragment>
`;
